// Jest Snapshot v1, https://goo.gl/fbAQLP

exports[`should render expense list with empty message 1`] = `
<div>
  <p>
    No expenses
  </p>
</div>
`;

exports[`should render expense list with expenses 1`] = `
<div>
  <ExpenseListItem
    amount={195}
    createdAt={0}
    description="Gum"
    id="1"
    key="1"
    note=""
  />
  <ExpenseListItem
    amount={1951}
    createdAt={-345600000}
    description="Gumee"
    id="12"
    key="12"
    note=""
  />
  <ExpenseListItem
    amount={12951}
    createdAt={345600000}
    description="CeCe"
    id="123"
    key="123"
    note=""
  />
</div>
`;
